// Jest Snapshot v1, https://goo.gl/fbAQLP

exports[`Card component Rendering Card should render correctly 1`] = `ShallowWrapper {}`;
