// Jest Snapshot v1, https://goo.gl/fbAQLP

exports[`Header component Rendering Header should render correctly 1`] = `ShallowWrapper {}`;
