// Jest Snapshot v1, https://goo.gl/fbAQLP

exports[`Item component Rendering Item should render correctly 1`] = `ShallowWrapper {}`;
